// Jest Snapshot v1, https://goo.gl/fbAQLP

exports[`Natural 1`] = `
Array [
  " ",
  <nav
    className="sc-bdVaJa knHpaF"
  >
    <a
      aria-label="Navigation to top of page"
      className="sc-gzVnrw fvJkGQ"
      href="#top"
      name="topLink"
    >
      Top of page
    </a>
    <div
      className="sc-bZQynM laTINv"
    >
      <a
        href="/"
        onClick={[Function]}
      >
        <img
          alt="Howl logo"
          className="sc-ifAKCX iZOrPs"
          src="logo.svg"
        />
      </a>
    </div>
    <ul
      className="sc-bwzfXH dKkkgT"
    >
      <li
        className="sc-htpNat jfwiNj"
      >
        <a
          className="sc-bxivhb bRkUzh"
          href="/about"
          onClick={[Function]}
        >
          About Howl
        </a>
      </li>
      <li
        className="sc-htpNat jfwiNj"
      >
        <a
          className="sc-bxivhb bRkUzh"
          href="/wlm"
          onClick={[Function]}
        >
          Women's Liberation
        </a>
      </li>
      <li
        className="sc-htpNat jfwiNj"
      >
        <a
          className="sc-bxivhb bRkUzh"
          href="/resources"
          onClick={[Function]}
        >
          Feminist Resources
        </a>
      </li>
      <li
        className="sc-htpNat jfwiNj"
      >
        <a
          className="sc-bxivhb bRkUzh"
          href="/archive"
          onClick={[Function]}
        >
          The Archive
        </a>
      </li>
      <li
        className="sc-htpNat jfwiNj"
      >
        <a
          className="sc-bxivhb bRkUzh"
          href="/timeline"
          onClick={[Function]}
        >
          Interactive Timeline
        </a>
      </li>
    </ul>
    <div
      className="sc-bZQynM laTINv"
    >
      <a
        href="/add"
        onClick={[Function]}
      >
        <button
          className="sc-EHOje NTaOB"
          type="button"
        >
          Add Your Story
        </button>
      </a>
    </div>
  </nav>,
  " ",
]
`;
